[36mvite v5.4.21 [32mbuilding for production...[36m[39m
transforming...
[32m✓[39m 2094 modules transformed.
rendering chunks...
computing gzip size...
[2mdist/[22m[32mindex.html                 [39m[1m[2m    0.90 kB[22m[1m[22m[2m │ gzip:   0.49 kB[22m
[2mdist/[22m[35massets/index-Pbf0FvTL.css  [39m[1m[2m   42.36 kB[22m[1m[22m[2m │ gzip:   7.74 kB[22m
[2mdist/[22m[36massets/index-B6sywqtE.js   [39m[1m[2m   52.00 kB[22m[1m[22m[2m │ gzip:  17.09 kB[22m
[2mdist/[22m[36massets/index-Ds9fwksx.js   [39m[1m[33m1,050.86 kB[39m[22m[2m │ gzip: 320.60 kB[22m
[33m
(!) Some chunks are larger than 1000 kB after minification. Consider:
- Using dynamic import() to code-split the application
- Use build.rollupOptions.output.manualChunks to improve chunking: https://rollupjs.org/configuration-options/#output-manualchunks
- Adjust chunk size limit for this warning via build.chunkSizeWarningLimit.[39m
[32m✓ built in 20.41s[39m
